[20:43:53.584] [@Bak'aara#687421948234378|(298.89,1801.49,-89.66,-89.69)|(1/276188)] [=] [Advanced Kyrprax Proficient Stim {4256312590336000}] [ApplyEffect {836045448945477}: Advanced Kyrprax Proficient Stim {4256312590336000}]
[20:43:53.719] [@Bak'aara#687421948234378/Arn Peralun {4254354085249024}:11767001195794|(298.88,1799.49,-89.66,0.00)|(181198/181198)] [=] [ {4196681264398336}] [ApplyEffect {836045448945477}: Lucky Shots {4196681264398653}]
[20:44:11.638] [@Bak'aara#687421948234378|(298.89,1801.49,-89.66,-89.43)|(287356/287356)] [Imperial Enforcer {4510969791250432}:11767001200859|(317.81,1801.38,-89.66,40.49)|(50280/50280)] [] [Event {836045448945472}: TargetSet {836045448953668}]
[20:44:12.977] [@Bak'aara#687421948234378|(301.31,1801.47,-89.57,-89.43)|(287356/287356)] [] [] [Event {836045448945472}: EnterCombat {836045448945489}]
[20:44:12.997] [Imperial Enforcer {4510969791250432}:11767001200859|(317.81,1801.38,-89.66,40.49)|(39554/50280)] [@Bak'aara#687421948234378|(301.31,1801.47,-89.57,-89.43)|(287356/287356)] [] [Event {836045448945472}: TargetSet {836045448953668}]
[20:44:13.662] [Imperial Enforcer {4510969791250432}:11767001200859|(317.81,1801.38,-89.66,90.18)|(39554/50280)] [@Bak'aara#687421948234378|(310.13,1801.42,-89.62,-89.68)|(275264/287356)] [ {3075187994001408}] [ApplyEffect {836045448945477}: Damage {836045448945501}] (12093 energy {836045448940874}) <12093.0>
[20:44:14.008] [Imperial Medic {4510974086217728}:11767001200796|(318.23,1800.49,-89.66,102.94)|(22935/22935)] [@Bak'aara#687421948234378|(315.04,1801.40,-89.66,-89.68)|(275264/287356)] [Ranged Attack {813449625993216}] [ApplyEffect {836045448945477}: Damage {836045448945501}] (0 -miss {836045448945502}) <1.0>
[20:44:14.050] [@Bak'aara#687421948234378|(315.64,1801.39,-89.66,-89.68)|(275264/287356)] [Imperial Enforcer {4510969791250432}:11767001200859|(317.81,1801.38,-89.66,90.21)|(39554/50280)] [Storm {3647535335866368}] [ApplyEffect {836045448945477}: Damage {836045448945501}] (10727* kinetic {836045448940873}) <10727.0>
